// Jest Snapshot v1, https://goo.gl/fbAQLP

exports[`Components Matches Cryptos Components Matches 1`] = `
<div
  className="MuiPaper-root MuiPaper-outlined MuiPaper-rounded MuiCard-root scard flex css-bbgsq2-MuiPaper-root-MuiCard-root"
>
  <div
    className="MuiCardContent-root css-46bh2p-MuiCardContent-root"
  >
    <div
      className="MuiTypography-root MuiTypography-h5 css-ag7rrr-MuiTypography-root"
    />
    <p
      className="MuiTypography-root MuiTypography-body2 css-r40f8v-MuiTypography-root"
      x={
        Object {
          "mb": 1.5,
        }
      }
    >
      Price: $
    </p>
  </div>
  <div
    className="MuiCardActions-root MuiCardActions-spacing css-1t6e9jv-MuiCardActions-root"
    style={
      Object {
        "flexDirection": "column",
      }
    }
  >
    <img
      alt="icon"
      className="icons"
    />
    <a
      className="MuiButton-root MuiButton-contained MuiButton-containedPrimary MuiButton-sizeMedium MuiButton-containedSizeMedium MuiButtonBase-root  css-sghohy-MuiButtonBase-root-MuiButton-root"
      href="/undefined"
      onBlur={[Function]}
      onContextMenu={[Function]}
      onDragLeave={[Function]}
      onFocus={[Function]}
      onKeyDown={[Function]}
      onKeyUp={[Function]}
      onMouseDown={[Function]}
      onMouseLeave={[Function]}
      onMouseUp={[Function]}
      onTouchEnd={[Function]}
      onTouchMove={[Function]}
      onTouchStart={[Function]}
      style={
        Object {
          "width": "100%",
        }
      }
      tabIndex={0}
    >
      See Details
    </a>
  </div>
</div>
`;

exports[`Components Matches Mission Components Matches 1`] = `
<header
  className="MuiPaper-root MuiPaper-elevation MuiPaper-elevation4 MuiAppBar-root MuiAppBar-colorPrimary MuiAppBar-positionFixed flex row mui-fixed css-11b3ww9-MuiPaper-root-MuiAppBar-root"
  style={
    Object {
      "justifyContent": "space-around",
    }
  }
>
  <div
    className="flex home"
  >
    <div
      className="flex home"
    >
      <a
        aria-current="page"
        className="active"
        href="/"
        onClick={[Function]}
        style={
          Object {
            "color": "white",
            "textDecoration": "none",
          }
        }
      >
        <svg
          aria-hidden={true}
          className="MuiSvgIcon-root MuiSvgIcon-fontSizeMedium css-i4bv87-MuiSvgIcon-root"
          focusable="false"
          viewBox="0 0 24 24"
        >
          <path
            d="M10 20v-6h4v6h5v-8h3L12 3 2 12h3v8z"
          />
        </svg>
      </a>
      <div
        className="MuiTypography-root MuiTypography-h2 MuiTypography-gutterBottom css-i1hrn3-MuiTypography-root"
      >
        Home
      </div>
    </div>
  </div>
  <form
    autoComplete="off"
    className="MuiBox-root css-xn6ruc"
    id="search"
    noValidate={true}
    onChange={[Function]}
    placeholder="Search"
  >
    <div
      className="MuiFormControl-root MuiTextField-root css-1u3bzj6-MuiFormControl-root-MuiTextField-root"
    >
      <label
        className="MuiInputLabel-root MuiInputLabel-formControl MuiInputLabel-animated MuiInputLabel-standard MuiFormLabel-root MuiFormLabel-colorPrimary css-aqpgxn-MuiFormLabel-root-MuiInputLabel-root"
        data-shrink={false}
        htmlFor="standard-basic"
        id="standard-basic-label"
      >
        Search
      </label>
      <div
        className="MuiInput-root MuiInput-underline MuiInputBase-root MuiInputBase-colorPrimary MuiInputBase-formControl css-1480iag-MuiInputBase-root-MuiInput-root"
        onClick={[Function]}
      >
        <input
          aria-invalid={false}
          autoFocus={false}
          className="MuiInput-input MuiInputBase-input css-1x51dt5-MuiInputBase-input-MuiInput-input"
          disabled={false}
          id="standard-basic"
          onAnimationStart={[Function]}
          onBlur={[Function]}
          onChange={[Function]}
          onFocus={[Function]}
          required={false}
          type="text"
        />
      </div>
    </div>
  </form>
</header>
`;
